Watching for file changes with StatReloader
Watching for file changes with StatReloader
C:\Users\ASUS\Desktop\VARIOS PC TABSUCOL\ENTREGA\Syncropro\cotizaciones\views.py changed, reloading.
Watching for file changes with StatReloader
"GET / HTTP/1.1" 302 0
"GET /login/ HTTP/1.1" 302 0
"GET /dashboard/ HTTP/1.1" 200 7314
Internal Server Error: /cotizaciones/crear/
Traceback (most recent call last):
  File "C:\Users\ASUS\Desktop\VARIOS PC TABSUCOL\ENTREGA\Syncropro\venv\Lib\site-packages\django\core\handlers\exception.py", line 55, in inner
    response = get_response(request)
  File "C:\Users\ASUS\Desktop\VARIOS PC TABSUCOL\ENTREGA\Syncropro\venv\Lib\site-packages\django\core\handlers\base.py", line 204, in _get_response
    self.check_response(response, callback)
    ~~~~~~~~~~~~~~~~~~~^^^^^^^^^^^^^^^^^^^^
  File "C:\Users\ASUS\Desktop\VARIOS PC TABSUCOL\ENTREGA\Syncropro\venv\Lib\site-packages\django\core\handlers\base.py", line 332, in check_response
    raise ValueError(
    ...<2 lines>...
    )
ValueError: The view cotizaciones.views.nueva_cotizacion didn't return an HttpResponse object. It returned None instead.
"GET /cotizaciones/crear/ HTTP/1.1" 500 69642
C:\Users\ASUS\Desktop\VARIOS PC TABSUCOL\ENTREGA\Syncropro\cotizaciones\views.py changed, reloading.
Watching for file changes with StatReloader
"GET / HTTP/1.1" 302 0
"GET /login/ HTTP/1.1" 302 0
"GET /dashboard/ HTTP/1.1" 200 7314
"GET /cotizaciones/ HTTP/1.1" 200 14506
"GET /cotizaciones/3/editar/ HTTP/1.1" 200 28026
"POST /cotizaciones/3/editar/ HTTP/1.1" 302 0
"GET /cotizaciones/3/ HTTP/1.1" 200 14345
"GET /cotizaciones/3/enviar-correo/ HTTP/1.1" 302 0
"GET /cotizaciones/3/ HTTP/1.1" 200 14345
"GET /cotizaciones/ HTTP/1.1" 200 15000
"GET /cotizaciones/3/enviar-correo/ HTTP/1.1" 302 0
"GET /cotizaciones/3/ HTTP/1.1" 200 14345
Not Found: /favicon.ico
- Broken pipe from ('127.0.0.1', 54844)
"GET /cotizaciones/ HTTP/1.1" 200 14765
C:\Users\ASUS\Desktop\VARIOS PC TABSUCOL\ENTREGA\Syncropro\cotizaciones\views.py changed, reloading.
Watching for file changes with StatReloader
C:\Users\ASUS\Desktop\VARIOS PC TABSUCOL\ENTREGA\Syncropro\cotizaciones\views.py changed, reloading.
Watching for file changes with StatReloader
"GET /cotizaciones/3/ HTTP/1.1" 200 14345
"GET /cotizaciones/pdf/3/ HTTP/1.1" 200 3244
Watching for file changes with StatReloader
"GET / HTTP/1.1" 302 0
"GET /login/ HTTP/1.1" 302 0
"GET /dashboard/ HTTP/1.1" 200 7314
"GET /cotizaciones/crear/ HTTP/1.1" 200 22329
Not Found: /favicon.ico
- Broken pipe from ('127.0.0.1', 50716)
"GET /cotizaciones/ HTTP/1.1" 200 14515
"GET /cotizaciones/3/editar/ HTTP/1.1" 200 27970
"GET /cotizaciones/3/ HTTP/1.1" 200 14345
Error al enviar cotización 3: (535, b'5.7.8 Username and Password not accepted. For more information, go to\n5.7.8  https://support.google.com/mail/?p=BadCredentials 00721157ae682-787d69bdac3sm32535977b3.39 - gsmtp')
Traceback (most recent call last):
  File "C:\Users\ASUS\Desktop\VARIOS PC TABSUCOL\ENTREGA\Syncropro\cotizaciones\views.py", line 445, in enviar_cotizacion_correo
    email.send(fail_silently=False)
    ~~~~~~~~~~^^^^^^^^^^^^^^^^^^^^^
  File "C:\Users\ASUS\Desktop\VARIOS PC TABSUCOL\ENTREGA\Syncropro\venv\Lib\site-packages\django\core\mail\message.py", line 307, in send
    return self.get_connection(fail_silently).send_messages([self])
           ~~~~~~~~~~~~~~~~~~~~~~~~~~~~~~~~~~~~~~~~~~~~~~~~^^^^^^^^
  File "C:\Users\ASUS\Desktop\VARIOS PC TABSUCOL\ENTREGA\Syncropro\venv\Lib\site-packages\django\core\mail\backends\smtp.py", line 128, in send_messages
    new_conn_created = self.open()
  File "C:\Users\ASUS\Desktop\VARIOS PC TABSUCOL\ENTREGA\Syncropro\venv\Lib\site-packages\django\core\mail\backends\smtp.py", line 95, in open
    self.connection.login(self.username, self.password)
    ~~~~~~~~~~~~~~~~~~~~~^^^^^^^^^^^^^^^^^^^^^^^^^^^^^^
  File "C:\Users\ASUS\AppData\Local\Programs\Python\Python313\Lib\smtplib.py", line 750, in login
    raise last_exception
  File "C:\Users\ASUS\AppData\Local\Programs\Python\Python313\Lib\smtplib.py", line 739, in login
    (code, resp) = self.auth(
                   ~~~~~~~~~^
        authmethod, getattr(self, method_name),
        ^^^^^^^^^^^^^^^^^^^^^^^^^^^^^^^^^^^^^^^
        initial_response_ok=initial_response_ok)
        ^^^^^^^^^^^^^^^^^^^^^^^^^^^^^^^^^^^^^^^^
  File "C:\Users\ASUS\AppData\Local\Programs\Python\Python313\Lib\smtplib.py", line 662, in auth
    raise SMTPAuthenticationError(code, resp)
smtplib.SMTPAuthenticationError: (535, b'5.7.8 Username and Password not accepted. For more information, go to\n5.7.8  https://support.google.com/mail/?p=BadCredentials 00721157ae682-787d69bdac3sm32535977b3.39 - gsmtp')
"GET /cotizaciones/3/enviar-correo/ HTTP/1.1" 302 0
"GET /cotizaciones/3/ HTTP/1.1" 200 14345
Not Found: /favicon.ico
- Broken pipe from ('127.0.0.1', 50810)
"GET /cotizaciones/ HTTP/1.1" 200 14972
C:\Users\ASUS\Desktop\VARIOS PC TABSUCOL\ENTREGA\Syncropro\sistema\settings.py changed, reloading.
Watching for file changes with StatReloader
C:\Users\ASUS\Desktop\VARIOS PC TABSUCOL\ENTREGA\Syncropro\sistema\settings.py changed, reloading.
Watching for file changes with StatReloader
C:\Users\ASUS\Desktop\VARIOS PC TABSUCOL\ENTREGA\Syncropro\sistema\settings.py changed, reloading.
Watching for file changes with StatReloader
Watching for file changes with StatReloader
"GET / HTTP/1.1" 302 0
"GET /login/ HTTP/1.1" 302 0
"GET /dashboard/ HTTP/1.1" 200 7314
Not Found: /favicon.ico
- Broken pipe from ('127.0.0.1', 55548)
"GET /cotizaciones/ HTTP/1.1" 200 14515
Cotización COT-0003 enviada exitosamente a yeison_camilom@hotmail.com
"GET /cotizaciones/3/enviar-correo/ HTTP/1.1" 302 0
"GET /cotizaciones/3/ HTTP/1.1" 200 14345
"GET /cotizaciones/ HTTP/1.1" 200 14771
"GET /cotizaciones/2/editar/ HTTP/1.1" 200 30274
"POST /cotizaciones/2/editar/ HTTP/1.1" 302 0
"GET /cotizaciones/2/ HTTP/1.1" 200 14623
Cotización COT-0002 enviada exitosamente a hernan0819@hotmail.es
"GET /cotizaciones/2/enviar-correo/ HTTP/1.1" 302 0
"GET /cotizaciones/2/ HTTP/1.1" 200 14623
"GET /cotizaciones/ HTTP/1.1" 200 15001
"GET /cotizaciones/ HTTP/1.1" 200 14515
Cotización COT-0003 enviada exitosamente a yeison_camilom@hotmail.com
"GET /cotizaciones/3/enviar-correo/ HTTP/1.1" 302 0
"GET /cotizaciones/3/ HTTP/1.1" 200 14345
Not Found: /favicon.ico
- Broken pipe from ('127.0.0.1', 53158)
"GET / HTTP/1.1" 302 0
"GET /login/ HTTP/1.1" 302 0
"GET /dashboard/ HTTP/1.1" 200 7314
Not Found: /favicon.ico
- Broken pipe from ('127.0.0.1', 54243)
"GET /cotizaciones/ HTTP/1.1" 200 14771
"GET /cotizaciones/3/editar/ HTTP/1.1" 200 28317
Watching for file changes with StatReloader
"GET / HTTP/1.1" 302 0
"GET /login/ HTTP/1.1" 302 0
"GET /dashboard/ HTTP/1.1" 200 7314
Not Found: /favicon.ico
- Broken pipe from ('127.0.0.1', 55599)
"GET /cotizaciones/ HTTP/1.1" 200 14515
"GET /produccion/ HTTP/1.1" 200 11971
"GET /produccion/crear/ HTTP/1.1" 200 18780
Internal Server Error: /produccion/ajax/cargar-cotizacion/3/
Traceback (most recent call last):
  File "C:\Users\ASUS\Desktop\VARIOS PC TABSUCOL\ENTREGA\Syncropro\venv\Lib\site-packages\django\core\handlers\exception.py", line 55, in inner
    response = get_response(request)
  File "C:\Users\ASUS\Desktop\VARIOS PC TABSUCOL\ENTREGA\Syncropro\venv\Lib\site-packages\django\core\handlers\base.py", line 197, in _get_response
    response = wrapped_callback(request, *callback_args, **callback_kwargs)
  File "C:\Users\ASUS\Desktop\VARIOS PC TABSUCOL\ENTREGA\Syncropro\produccion\views.py", line 127, in cargar_cotizacion
    'descripcion': cotizacion.descripcion or '',
                   ^^^^^^^^^^^^^^^^^^^^^^
AttributeError: 'Cotizacion' object has no attribute 'descripcion'
"GET /produccion/ajax/cargar-cotizacion/3/ HTTP/1.1" 500 69151
Internal Server Error: /produccion/ajax/cargar-cotizacion/3/
Traceback (most recent call last):
  File "C:\Users\ASUS\Desktop\VARIOS PC TABSUCOL\ENTREGA\Syncropro\venv\Lib\site-packages\django\core\handlers\exception.py", line 55, in inner
    response = get_response(request)
  File "C:\Users\ASUS\Desktop\VARIOS PC TABSUCOL\ENTREGA\Syncropro\venv\Lib\site-packages\django\core\handlers\base.py", line 197, in _get_response
    response = wrapped_callback(request, *callback_args, **callback_kwargs)
  File "C:\Users\ASUS\Desktop\VARIOS PC TABSUCOL\ENTREGA\Syncropro\produccion\views.py", line 127, in cargar_cotizacion
    'descripcion': cotizacion.descripcion or '',
                   ^^^^^^^^^^^^^^^^^^^^^^
AttributeError: 'Cotizacion' object has no attribute 'descripcion'
"GET /produccion/ajax/cargar-cotizacion/3/ HTTP/1.1" 500 69151
Internal Server Error: /produccion/ajax/cargar-cotizacion/3/
Traceback (most recent call last):
  File "C:\Users\ASUS\Desktop\VARIOS PC TABSUCOL\ENTREGA\Syncropro\venv\Lib\site-packages\django\core\handlers\exception.py", line 55, in inner
    response = get_response(request)
  File "C:\Users\ASUS\Desktop\VARIOS PC TABSUCOL\ENTREGA\Syncropro\venv\Lib\site-packages\django\core\handlers\base.py", line 197, in _get_response
    response = wrapped_callback(request, *callback_args, **callback_kwargs)
  File "C:\Users\ASUS\Desktop\VARIOS PC TABSUCOL\ENTREGA\Syncropro\produccion\views.py", line 127, in cargar_cotizacion
    'descripcion': cotizacion.descripcion or '',
                   ^^^^^^^^^^^^^^^^^^^^^^
AttributeError: 'Cotizacion' object has no attribute 'descripcion'
"GET /produccion/ajax/cargar-cotizacion/3/ HTTP/1.1" 500 69151
Internal Server Error: /produccion/ajax/cargar-cotizacion/2/
Traceback (most recent call last):
  File "C:\Users\ASUS\Desktop\VARIOS PC TABSUCOL\ENTREGA\Syncropro\venv\Lib\site-packages\django\core\handlers\exception.py", line 55, in inner
    response = get_response(request)
  File "C:\Users\ASUS\Desktop\VARIOS PC TABSUCOL\ENTREGA\Syncropro\venv\Lib\site-packages\django\core\handlers\base.py", line 197, in _get_response
    response = wrapped_callback(request, *callback_args, **callback_kwargs)
  File "C:\Users\ASUS\Desktop\VARIOS PC TABSUCOL\ENTREGA\Syncropro\produccion\views.py", line 127, in cargar_cotizacion
    'descripcion': cotizacion.descripcion or '',
                   ^^^^^^^^^^^^^^^^^^^^^^
AttributeError: 'Cotizacion' object has no attribute 'descripcion'
"GET /produccion/ajax/cargar-cotizacion/2/ HTTP/1.1" 500 69140
Internal Server Error: /produccion/ajax/cargar-cotizacion/2/
Traceback (most recent call last):
  File "C:\Users\ASUS\Desktop\VARIOS PC TABSUCOL\ENTREGA\Syncropro\venv\Lib\site-packages\django\core\handlers\exception.py", line 55, in inner
    response = get_response(request)
  File "C:\Users\ASUS\Desktop\VARIOS PC TABSUCOL\ENTREGA\Syncropro\venv\Lib\site-packages\django\core\handlers\base.py", line 197, in _get_response
    response = wrapped_callback(request, *callback_args, **callback_kwargs)
  File "C:\Users\ASUS\Desktop\VARIOS PC TABSUCOL\ENTREGA\Syncropro\produccion\views.py", line 127, in cargar_cotizacion
    'descripcion': cotizacion.descripcion or '',
                   ^^^^^^^^^^^^^^^^^^^^^^
AttributeError: 'Cotizacion' object has no attribute 'descripcion'
"GET /produccion/ajax/cargar-cotizacion/2/ HTTP/1.1" 500 69140
Internal Server Error: /produccion/ajax/cargar-cotizacion/2/
Traceback (most recent call last):
  File "C:\Users\ASUS\Desktop\VARIOS PC TABSUCOL\ENTREGA\Syncropro\venv\Lib\site-packages\django\core\handlers\exception.py", line 55, in inner
    response = get_response(request)
  File "C:\Users\ASUS\Desktop\VARIOS PC TABSUCOL\ENTREGA\Syncropro\venv\Lib\site-packages\django\core\handlers\base.py", line 197, in _get_response
    response = wrapped_callback(request, *callback_args, **callback_kwargs)
  File "C:\Users\ASUS\Desktop\VARIOS PC TABSUCOL\ENTREGA\Syncropro\produccion\views.py", line 127, in cargar_cotizacion
    'descripcion': cotizacion.descripcion or '',
                   ^^^^^^^^^^^^^^^^^^^^^^
AttributeError: 'Cotizacion' object has no attribute 'descripcion'
"GET /produccion/ajax/cargar-cotizacion/2/ HTTP/1.1" 500 69140
Internal Server Error: /produccion/ajax/cargar-cotizacion/2/
Traceback (most recent call last):
  File "C:\Users\ASUS\Desktop\VARIOS PC TABSUCOL\ENTREGA\Syncropro\venv\Lib\site-packages\django\core\handlers\exception.py", line 55, in inner
    response = get_response(request)
  File "C:\Users\ASUS\Desktop\VARIOS PC TABSUCOL\ENTREGA\Syncropro\venv\Lib\site-packages\django\core\handlers\base.py", line 197, in _get_response
    response = wrapped_callback(request, *callback_args, **callback_kwargs)
  File "C:\Users\ASUS\Desktop\VARIOS PC TABSUCOL\ENTREGA\Syncropro\produccion\views.py", line 127, in cargar_cotizacion
    'descripcion': cotizacion.descripcion or '',
                   ^^^^^^^^^^^^^^^^^^^^^^
AttributeError: 'Cotizacion' object has no attribute 'descripcion'
"GET /produccion/ajax/cargar-cotizacion/2/ HTTP/1.1" 500 69140
"GET /produccion/crear/ HTTP/1.1" 200 18780
Internal Server Error: /produccion/ajax/cargar-cotizacion/3/
Traceback (most recent call last):
  File "C:\Users\ASUS\Desktop\VARIOS PC TABSUCOL\ENTREGA\Syncropro\venv\Lib\site-packages\django\core\handlers\exception.py", line 55, in inner
    response = get_response(request)
  File "C:\Users\ASUS\Desktop\VARIOS PC TABSUCOL\ENTREGA\Syncropro\venv\Lib\site-packages\django\core\handlers\base.py", line 197, in _get_response
    response = wrapped_callback(request, *callback_args, **callback_kwargs)
  File "C:\Users\ASUS\Desktop\VARIOS PC TABSUCOL\ENTREGA\Syncropro\produccion\views.py", line 127, in cargar_cotizacion
    'descripcion': cotizacion.descripcion or '',
                   ^^^^^^^^^^^^^^^^^^^^^^
AttributeError: 'Cotizacion' object has no attribute 'descripcion'
"GET /produccion/ajax/cargar-cotizacion/3/ HTTP/1.1" 500 69151
Internal Server Error: /produccion/ajax/cargar-cotizacion/3/
Traceback (most recent call last):
  File "C:\Users\ASUS\Desktop\VARIOS PC TABSUCOL\ENTREGA\Syncropro\venv\Lib\site-packages\django\core\handlers\exception.py", line 55, in inner
    response = get_response(request)
  File "C:\Users\ASUS\Desktop\VARIOS PC TABSUCOL\ENTREGA\Syncropro\venv\Lib\site-packages\django\core\handlers\base.py", line 197, in _get_response
    response = wrapped_callback(request, *callback_args, **callback_kwargs)
  File "C:\Users\ASUS\Desktop\VARIOS PC TABSUCOL\ENTREGA\Syncropro\produccion\views.py", line 127, in cargar_cotizacion
    'descripcion': cotizacion.descripcion or '',
                   ^^^^^^^^^^^^^^^^^^^^^^
AttributeError: 'Cotizacion' object has no attribute 'descripcion'
"GET /produccion/ajax/cargar-cotizacion/3/ HTTP/1.1" 500 69151
Internal Server Error: /produccion/ajax/cargar-cotizacion/3/
Traceback (most recent call last):
  File "C:\Users\ASUS\Desktop\VARIOS PC TABSUCOL\ENTREGA\Syncropro\venv\Lib\site-packages\django\core\handlers\exception.py", line 55, in inner
    response = get_response(request)
  File "C:\Users\ASUS\Desktop\VARIOS PC TABSUCOL\ENTREGA\Syncropro\venv\Lib\site-packages\django\core\handlers\base.py", line 197, in _get_response
    response = wrapped_callback(request, *callback_args, **callback_kwargs)
  File "C:\Users\ASUS\Desktop\VARIOS PC TABSUCOL\ENTREGA\Syncropro\produccion\views.py", line 127, in cargar_cotizacion
    'descripcion': cotizacion.descripcion or '',
                   ^^^^^^^^^^^^^^^^^^^^^^
AttributeError: 'Cotizacion' object has no attribute 'descripcion'
"GET /produccion/ajax/cargar-cotizacion/3/ HTTP/1.1" 500 69151
Internal Server Error: /produccion/ajax/cargar-cotizacion/3/
Traceback (most recent call last):
  File "C:\Users\ASUS\Desktop\VARIOS PC TABSUCOL\ENTREGA\Syncropro\venv\Lib\site-packages\django\core\handlers\exception.py", line 55, in inner
    response = get_response(request)
  File "C:\Users\ASUS\Desktop\VARIOS PC TABSUCOL\ENTREGA\Syncropro\venv\Lib\site-packages\django\core\handlers\base.py", line 197, in _get_response
    response = wrapped_callback(request, *callback_args, **callback_kwargs)
  File "C:\Users\ASUS\Desktop\VARIOS PC TABSUCOL\ENTREGA\Syncropro\produccion\views.py", line 127, in cargar_cotizacion
    'descripcion': cotizacion.descripcion or '',
                   ^^^^^^^^^^^^^^^^^^^^^^
AttributeError: 'Cotizacion' object has no attribute 'descripcion'
"GET /produccion/ajax/cargar-cotizacion/3/ HTTP/1.1" 500 69151
"GET /produccion/ HTTP/1.1" 200 11971
"GET /produccion/1/ HTTP/1.1" 200 11747
"GET /cotizaciones/crear/ HTTP/1.1" 200 22329
"GET /cotizaciones/ HTTP/1.1" 200 16494
Not Found: /favicon.ico
- Broken pipe from ('127.0.0.1', 49807)
"GET /cotizaciones/crear/ HTTP/1.1" 200 22329
"GET /cotizaciones/ HTTP/1.1" 200 16494
Not Found: /favicon.ico
- Broken pipe from ('127.0.0.1', 51767)
C:\Users\ASUS\Desktop\VARIOS PC TABSUCOL\ENTREGA\Syncropro\produccion\models.py changed, reloading.
Watching for file changes with StatReloader
C:\Users\ASUS\Desktop\VARIOS PC TABSUCOL\ENTREGA\Syncropro\produccion\forms.py changed, reloading.
Watching for file changes with StatReloader
C:\Users\ASUS\Desktop\VARIOS PC TABSUCOL\ENTREGA\Syncropro\produccion\views.py changed, reloading.
Watching for file changes with StatReloader
C:\Users\ASUS\Desktop\VARIOS PC TABSUCOL\ENTREGA\Syncropro\produccion\urls.py changed, reloading.
Watching for file changes with StatReloader
Watching for file changes with StatReloader
"GET / HTTP/1.1" 302 0
"GET /login/ HTTP/1.1" 302 0
"GET /dashboard/ HTTP/1.1" 200 7314
Not Found: /favicon.ico
- Broken pipe from ('127.0.0.1', 60742)
Internal Server Error: /produccion/crear/
Traceback (most recent call last):
  File "C:\Users\ASUS\Desktop\VARIOS PC TABSUCOL\ENTREGA\Syncropro\venv\Lib\site-packages\django\core\handlers\exception.py", line 55, in inner
    response = get_response(request)
  File "C:\Users\ASUS\Desktop\VARIOS PC TABSUCOL\ENTREGA\Syncropro\venv\Lib\site-packages\django\core\handlers\base.py", line 197, in _get_response
    response = wrapped_callback(request, *callback_args, **callback_kwargs)
  File "C:\Users\ASUS\Desktop\VARIOS PC TABSUCOL\ENTREGA\Syncropro\venv\Lib\site-packages\django\contrib\auth\decorators.py", line 59, in _view_wrapper
    return view_func(request, *args, **kwargs)
  File "C:\Users\ASUS\Desktop\VARIOS PC TABSUCOL\ENTREGA\Syncropro\produccion\views.py", line 84, in nueva_orden
    return render(request, 'produccion/nueva_orden.html', {
        'form': form,
        'numero_generado': numero_generado,
        'cotizaciones': cotizaciones
    })
  File "C:\Users\ASUS\Desktop\VARIOS PC TABSUCOL\ENTREGA\Syncropro\venv\Lib\site-packages\django\shortcuts.py", line 25, in render
    content = loader.render_to_string(template_name, context, request, using=using)
  File "C:\Users\ASUS\Desktop\VARIOS PC TABSUCOL\ENTREGA\Syncropro\venv\Lib\site-packages\django\template\loader.py", line 61, in render_to_string
    template = get_template(template_name, using=using)
  File "C:\Users\ASUS\Desktop\VARIOS PC TABSUCOL\ENTREGA\Syncropro\venv\Lib\site-packages\django\template\loader.py", line 15, in get_template
    return engine.get_template(template_name)
           ~~~~~~~~~~~~~~~~~~~^^^^^^^^^^^^^^^
  File "C:\Users\ASUS\Desktop\VARIOS PC TABSUCOL\ENTREGA\Syncropro\venv\Lib\site-packages\django\template\backends\django.py", line 79, in get_template
    return Template(self.engine.get_template(template_name), self)
                    ~~~~~~~~~~~~~~~~~~~~~~~~^^^^^^^^^^^^^^^
  File "C:\Users\ASUS\Desktop\VARIOS PC TABSUCOL\ENTREGA\Syncropro\venv\Lib\site-packages\django\template\engine.py", line 177, in get_template
    template, origin = self.find_template(template_name)
                       ~~~~~~~~~~~~~~~~~~^^^^^^^^^^^^^^^
  File "C:\Users\ASUS\Desktop\VARIOS PC TABSUCOL\ENTREGA\Syncropro\venv\Lib\site-packages\django\template\engine.py", line 159, in find_template
    template = loader.get_template(name, skip=skip)
  File "C:\Users\ASUS\Desktop\VARIOS PC TABSUCOL\ENTREGA\Syncropro\venv\Lib\site-packages\django\template\loaders\cached.py", line 57, in get_template
    template = super().get_template(template_name, skip)
  File "C:\Users\ASUS\Desktop\VARIOS PC TABSUCOL\ENTREGA\Syncropro\venv\Lib\site-packages\django\template\loaders\base.py", line 28, in get_template
    return Template(
        contents,
    ...<2 lines>...
        self.engine,
    )
  File "C:\Users\ASUS\Desktop\VARIOS PC TABSUCOL\ENTREGA\Syncropro\venv\Lib\site-packages\django\template\base.py", line 154, in __init__
    self.nodelist = self.compile_nodelist()
                    ~~~~~~~~~~~~~~~~~~~~~^^
  File "C:\Users\ASUS\Desktop\VARIOS PC TABSUCOL\ENTREGA\Syncropro\venv\Lib\site-packages\django\template\base.py", line 196, in compile_nodelist
    nodelist = parser.parse()
  File "C:\Users\ASUS\Desktop\VARIOS PC TABSUCOL\ENTREGA\Syncropro\venv\Lib\site-packages\django\template\base.py", line 518, in parse
    raise self.error(token, e)
  File "C:\Users\ASUS\Desktop\VARIOS PC TABSUCOL\ENTREGA\Syncropro\venv\Lib\site-packages\django\template\base.py", line 516, in parse
    compiled_result = compile_func(self, token)
  File "C:\Users\ASUS\Desktop\VARIOS PC TABSUCOL\ENTREGA\Syncropro\venv\Lib\site-packages\django\template\loader_tags.py", line 299, in do_extends
    nodelist = parser.parse()
  File "C:\Users\ASUS\Desktop\VARIOS PC TABSUCOL\ENTREGA\Syncropro\venv\Lib\site-packages\django\template\base.py", line 518, in parse
    raise self.error(token, e)
  File "C:\Users\ASUS\Desktop\VARIOS PC TABSUCOL\ENTREGA\Syncropro\venv\Lib\site-packages\django\template\base.py", line 516, in parse
    compiled_result = compile_func(self, token)
  File "C:\Users\ASUS\Desktop\VARIOS PC TABSUCOL\ENTREGA\Syncropro\venv\Lib\site-packages\django\template\loader_tags.py", line 234, in do_block
    nodelist = parser.parse(("endblock",))
  File "C:\Users\ASUS\Desktop\VARIOS PC TABSUCOL\ENTREGA\Syncropro\venv\Lib\site-packages\django\template\base.py", line 518, in parse
    raise self.error(token, e)
  File "C:\Users\ASUS\Desktop\VARIOS PC TABSUCOL\ENTREGA\Syncropro\venv\Lib\site-packages\django\template\base.py", line 516, in parse
    compiled_result = compile_func(self, token)
  File "C:\Users\ASUS\Desktop\VARIOS PC TABSUCOL\ENTREGA\Syncropro\venv\Lib\site-packages\django\template\defaulttags.py", line 862, in do_for
    nodelist_loop = parser.parse(
        (
    ...<2 lines>...
        )
    )
  File "C:\Users\ASUS\Desktop\VARIOS PC TABSUCOL\ENTREGA\Syncropro\venv\Lib\site-packages\django\template\base.py", line 489, in parse
    raise self.error(token, e)
  File "C:\Users\ASUS\Desktop\VARIOS PC TABSUCOL\ENTREGA\Syncropro\venv\Lib\site-packages\django\template\base.py", line 487, in parse
    filter_expression = self.compile_filter(token.contents)
  File "C:\Users\ASUS\Desktop\VARIOS PC TABSUCOL\ENTREGA\Syncropro\venv\Lib\site-packages\django\template\base.py", line 609, in compile_filter
    return FilterExpression(token, self)
  File "C:\Users\ASUS\Desktop\VARIOS PC TABSUCOL\ENTREGA\Syncropro\venv\Lib\site-packages\django\template\base.py", line 705, in __init__
    filter_func = parser.find_filter(filter_name)
  File "C:\Users\ASUS\Desktop\VARIOS PC TABSUCOL\ENTREGA\Syncropro\venv\Lib\site-packages\django\template\base.py", line 615, in find_filter
    raise TemplateSyntaxError("Invalid filter: '%s'" % filter_name)
django.template.exceptions.TemplateSyntaxError: Invalid filter: 'intcomma'
"GET /produccion/crear/ HTTP/1.1" 500 247700
"GET /cotizaciones/crear/ HTTP/1.1" 200 22329
"GET /cotizaciones/ HTTP/1.1" 200 16494
"GET /produccion/ HTTP/1.1" 200 12879
Not Found: /favicon.ico
- Broken pipe from ('127.0.0.1', 60759)
Internal Server Error: /produccion/1/
Traceback (most recent call last):
  File "C:\Users\ASUS\Desktop\VARIOS PC TABSUCOL\ENTREGA\Syncropro\venv\Lib\site-packages\django\core\handlers\exception.py", line 55, in inner
    response = get_response(request)
  File "C:\Users\ASUS\Desktop\VARIOS PC TABSUCOL\ENTREGA\Syncropro\venv\Lib\site-packages\django\core\handlers\base.py", line 197, in _get_response
    response = wrapped_callback(request, *callback_args, **callback_kwargs)
  File "C:\Users\ASUS\Desktop\VARIOS PC TABSUCOL\ENTREGA\Syncropro\venv\Lib\site-packages\django\contrib\auth\decorators.py", line 59, in _view_wrapper
    return view_func(request, *args, **kwargs)
  File "C:\Users\ASUS\Desktop\VARIOS PC TABSUCOL\ENTREGA\Syncropro\produccion\views.py", line 34, in detalle_orden
    return render(request, 'produccion/detalle_orden.html', context)
  File "C:\Users\ASUS\Desktop\VARIOS PC TABSUCOL\ENTREGA\Syncropro\venv\Lib\site-packages\django\shortcuts.py", line 25, in render
    content = loader.render_to_string(template_name, context, request, using=using)
  File "C:\Users\ASUS\Desktop\VARIOS PC TABSUCOL\ENTREGA\Syncropro\venv\Lib\site-packages\django\template\loader.py", line 61, in render_to_string
    template = get_template(template_name, using=using)
  File "C:\Users\ASUS\Desktop\VARIOS PC TABSUCOL\ENTREGA\Syncropro\venv\Lib\site-packages\django\template\loader.py", line 15, in get_template
    return engine.get_template(template_name)
           ~~~~~~~~~~~~~~~~~~~^^^^^^^^^^^^^^^
  File "C:\Users\ASUS\Desktop\VARIOS PC TABSUCOL\ENTREGA\Syncropro\venv\Lib\site-packages\django\template\backends\django.py", line 79, in get_template
    return Template(self.engine.get_template(template_name), self)
                    ~~~~~~~~~~~~~~~~~~~~~~~~^^^^^^^^^^^^^^^
  File "C:\Users\ASUS\Desktop\VARIOS PC TABSUCOL\ENTREGA\Syncropro\venv\Lib\site-packages\django\template\engine.py", line 177, in get_template
    template, origin = self.find_template(template_name)
                       ~~~~~~~~~~~~~~~~~~^^^^^^^^^^^^^^^
  File "C:\Users\ASUS\Desktop\VARIOS PC TABSUCOL\ENTREGA\Syncropro\venv\Lib\site-packages\django\template\engine.py", line 159, in find_template
    template = loader.get_template(name, skip=skip)
  File "C:\Users\ASUS\Desktop\VARIOS PC TABSUCOL\ENTREGA\Syncropro\venv\Lib\site-packages\django\template\loaders\cached.py", line 57, in get_template
    template = super().get_template(template_name, skip)
  File "C:\Users\ASUS\Desktop\VARIOS PC TABSUCOL\ENTREGA\Syncropro\venv\Lib\site-packages\django\template\loaders\base.py", line 28, in get_template
    return Template(
        contents,
    ...<2 lines>...
        self.engine,
    )
  File "C:\Users\ASUS\Desktop\VARIOS PC TABSUCOL\ENTREGA\Syncropro\venv\Lib\site-packages\django\template\base.py", line 154, in __init__
    self.nodelist = self.compile_nodelist()
                    ~~~~~~~~~~~~~~~~~~~~~^^
  File "C:\Users\ASUS\Desktop\VARIOS PC TABSUCOL\ENTREGA\Syncropro\venv\Lib\site-packages\django\template\base.py", line 196, in compile_nodelist
    nodelist = parser.parse()
  File "C:\Users\ASUS\Desktop\VARIOS PC TABSUCOL\ENTREGA\Syncropro\venv\Lib\site-packages\django\template\base.py", line 518, in parse
    raise self.error(token, e)
  File "C:\Users\ASUS\Desktop\VARIOS PC TABSUCOL\ENTREGA\Syncropro\venv\Lib\site-packages\django\template\base.py", line 516, in parse
    compiled_result = compile_func(self, token)
  File "C:\Users\ASUS\Desktop\VARIOS PC TABSUCOL\ENTREGA\Syncropro\venv\Lib\site-packages\django\template\loader_tags.py", line 299, in do_extends
    nodelist = parser.parse()
  File "C:\Users\ASUS\Desktop\VARIOS PC TABSUCOL\ENTREGA\Syncropro\venv\Lib\site-packages\django\template\base.py", line 518, in parse
    raise self.error(token, e)
  File "C:\Users\ASUS\Desktop\VARIOS PC TABSUCOL\ENTREGA\Syncropro\venv\Lib\site-packages\django\template\base.py", line 516, in parse
    compiled_result = compile_func(self, token)
  File "C:\Users\ASUS\Desktop\VARIOS PC TABSUCOL\ENTREGA\Syncropro\venv\Lib\site-packages\django\template\loader_tags.py", line 234, in do_block
    nodelist = parser.parse(("endblock",))
  File "C:\Users\ASUS\Desktop\VARIOS PC TABSUCOL\ENTREGA\Syncropro\venv\Lib\site-packages\django\template\base.py", line 518, in parse
    raise self.error(token, e)
  File "C:\Users\ASUS\Desktop\VARIOS PC TABSUCOL\ENTREGA\Syncropro\venv\Lib\site-packages\django\template\base.py", line 516, in parse
    compiled_result = compile_func(self, token)
  File "C:\Users\ASUS\Desktop\VARIOS PC TABSUCOL\ENTREGA\Syncropro\venv\Lib\site-packages\django\template\defaulttags.py", line 962, in do_if
    nodelist = parser.parse(("elif", "else", "endif"))
  File "C:\Users\ASUS\Desktop\VARIOS PC TABSUCOL\ENTREGA\Syncropro\venv\Lib\site-packages\django\template\base.py", line 489, in parse
    raise self.error(token, e)
  File "C:\Users\ASUS\Desktop\VARIOS PC TABSUCOL\ENTREGA\Syncropro\venv\Lib\site-packages\django\template\base.py", line 487, in parse
    filter_expression = self.compile_filter(token.contents)
  File "C:\Users\ASUS\Desktop\VARIOS PC TABSUCOL\ENTREGA\Syncropro\venv\Lib\site-packages\django\template\base.py", line 609, in compile_filter
    return FilterExpression(token, self)
  File "C:\Users\ASUS\Desktop\VARIOS PC TABSUCOL\ENTREGA\Syncropro\venv\Lib\site-packages\django\template\base.py", line 705, in __init__
    filter_func = parser.find_filter(filter_name)
  File "C:\Users\ASUS\Desktop\VARIOS PC TABSUCOL\ENTREGA\Syncropro\venv\Lib\site-packages\django\template\base.py", line 615, in find_filter
    raise TemplateSyntaxError("Invalid filter: '%s'" % filter_name)
django.template.exceptions.TemplateSyntaxError: Invalid filter: 'intcomma'
"GET /produccion/1/ HTTP/1.1" 500 267596
Not Found: /favicon.ico
- Broken pipe from ('127.0.0.1', 59677)
"GET /produccion/crear/ HTTP/1.1" 200 22046
"GET /produccion/ajax/cargar-cotizacion/3/ HTTP/1.1" 200 270
"GET /produccion/ HTTP/1.1" 200 12879
Internal Server Error: /produccion/1/
Traceback (most recent call last):
  File "C:\Users\ASUS\Desktop\VARIOS PC TABSUCOL\ENTREGA\Syncropro\venv\Lib\site-packages\django\core\handlers\exception.py", line 55, in inner
    response = get_response(request)
  File "C:\Users\ASUS\Desktop\VARIOS PC TABSUCOL\ENTREGA\Syncropro\venv\Lib\site-packages\django\core\handlers\base.py", line 197, in _get_response
    response = wrapped_callback(request, *callback_args, **callback_kwargs)
  File "C:\Users\ASUS\Desktop\VARIOS PC TABSUCOL\ENTREGA\Syncropro\venv\Lib\site-packages\django\contrib\auth\decorators.py", line 59, in _view_wrapper
    return view_func(request, *args, **kwargs)
  File "C:\Users\ASUS\Desktop\VARIOS PC TABSUCOL\ENTREGA\Syncropro\produccion\views.py", line 34, in detalle_orden
    return render(request, 'produccion/detalle_orden.html', context)
  File "C:\Users\ASUS\Desktop\VARIOS PC TABSUCOL\ENTREGA\Syncropro\venv\Lib\site-packages\django\shortcuts.py", line 25, in render
    content = loader.render_to_string(template_name, context, request, using=using)
  File "C:\Users\ASUS\Desktop\VARIOS PC TABSUCOL\ENTREGA\Syncropro\venv\Lib\site-packages\django\template\loader.py", line 61, in render_to_string
    template = get_template(template_name, using=using)
  File "C:\Users\ASUS\Desktop\VARIOS PC TABSUCOL\ENTREGA\Syncropro\venv\Lib\site-packages\django\template\loader.py", line 15, in get_template
    return engine.get_template(template_name)
           ~~~~~~~~~~~~~~~~~~~^^^^^^^^^^^^^^^
  File "C:\Users\ASUS\Desktop\VARIOS PC TABSUCOL\ENTREGA\Syncropro\venv\Lib\site-packages\django\template\backends\django.py", line 79, in get_template
    return Template(self.engine.get_template(template_name), self)
                    ~~~~~~~~~~~~~~~~~~~~~~~~^^^^^^^^^^^^^^^
  File "C:\Users\ASUS\Desktop\VARIOS PC TABSUCOL\ENTREGA\Syncropro\venv\Lib\site-packages\django\template\engine.py", line 177, in get_template
    template, origin = self.find_template(template_name)
                       ~~~~~~~~~~~~~~~~~~^^^^^^^^^^^^^^^
  File "C:\Users\ASUS\Desktop\VARIOS PC TABSUCOL\ENTREGA\Syncropro\venv\Lib\site-packages\django\template\engine.py", line 159, in find_template
    template = loader.get_template(name, skip=skip)
  File "C:\Users\ASUS\Desktop\VARIOS PC TABSUCOL\ENTREGA\Syncropro\venv\Lib\site-packages\django\template\loaders\cached.py", line 57, in get_template
    template = super().get_template(template_name, skip)
  File "C:\Users\ASUS\Desktop\VARIOS PC TABSUCOL\ENTREGA\Syncropro\venv\Lib\site-packages\django\template\loaders\base.py", line 28, in get_template
    return Template(
        contents,
    ...<2 lines>...
        self.engine,
    )
  File "C:\Users\ASUS\Desktop\VARIOS PC TABSUCOL\ENTREGA\Syncropro\venv\Lib\site-packages\django\template\base.py", line 154, in __init__
    self.nodelist = self.compile_nodelist()
                    ~~~~~~~~~~~~~~~~~~~~~^^
  File "C:\Users\ASUS\Desktop\VARIOS PC TABSUCOL\ENTREGA\Syncropro\venv\Lib\site-packages\django\template\base.py", line 196, in compile_nodelist
    nodelist = parser.parse()
  File "C:\Users\ASUS\Desktop\VARIOS PC TABSUCOL\ENTREGA\Syncropro\venv\Lib\site-packages\django\template\base.py", line 518, in parse
    raise self.error(token, e)
  File "C:\Users\ASUS\Desktop\VARIOS PC TABSUCOL\ENTREGA\Syncropro\venv\Lib\site-packages\django\template\base.py", line 516, in parse
    compiled_result = compile_func(self, token)
  File "C:\Users\ASUS\Desktop\VARIOS PC TABSUCOL\ENTREGA\Syncropro\venv\Lib\site-packages\django\template\loader_tags.py", line 299, in do_extends
    nodelist = parser.parse()
  File "C:\Users\ASUS\Desktop\VARIOS PC TABSUCOL\ENTREGA\Syncropro\venv\Lib\site-packages\django\template\base.py", line 518, in parse
    raise self.error(token, e)
  File "C:\Users\ASUS\Desktop\VARIOS PC TABSUCOL\ENTREGA\Syncropro\venv\Lib\site-packages\django\template\base.py", line 516, in parse
    compiled_result = compile_func(self, token)
  File "C:\Users\ASUS\Desktop\VARIOS PC TABSUCOL\ENTREGA\Syncropro\venv\Lib\site-packages\django\template\loader_tags.py", line 234, in do_block
    nodelist = parser.parse(("endblock",))
  File "C:\Users\ASUS\Desktop\VARIOS PC TABSUCOL\ENTREGA\Syncropro\venv\Lib\site-packages\django\template\base.py", line 518, in parse
    raise self.error(token, e)
  File "C:\Users\ASUS\Desktop\VARIOS PC TABSUCOL\ENTREGA\Syncropro\venv\Lib\site-packages\django\template\base.py", line 516, in parse
    compiled_result = compile_func(self, token)
  File "C:\Users\ASUS\Desktop\VARIOS PC TABSUCOL\ENTREGA\Syncropro\venv\Lib\site-packages\django\template\defaulttags.py", line 962, in do_if
    nodelist = parser.parse(("elif", "else", "endif"))
  File "C:\Users\ASUS\Desktop\VARIOS PC TABSUCOL\ENTREGA\Syncropro\venv\Lib\site-packages\django\template\base.py", line 489, in parse
    raise self.error(token, e)
  File "C:\Users\ASUS\Desktop\VARIOS PC TABSUCOL\ENTREGA\Syncropro\venv\Lib\site-packages\django\template\base.py", line 487, in parse
    filter_expression = self.compile_filter(token.contents)
  File "C:\Users\ASUS\Desktop\VARIOS PC TABSUCOL\ENTREGA\Syncropro\venv\Lib\site-packages\django\template\base.py", line 609, in compile_filter
    return FilterExpression(token, self)
  File "C:\Users\ASUS\Desktop\VARIOS PC TABSUCOL\ENTREGA\Syncropro\venv\Lib\site-packages\django\template\base.py", line 705, in __init__
    filter_func = parser.find_filter(filter_name)
  File "C:\Users\ASUS\Desktop\VARIOS PC TABSUCOL\ENTREGA\Syncropro\venv\Lib\site-packages\django\template\base.py", line 615, in find_filter
    raise TemplateSyntaxError("Invalid filter: '%s'" % filter_name)
django.template.exceptions.TemplateSyntaxError: Invalid filter: 'intcomma'
"GET /produccion/1/ HTTP/1.1" 500 267596
"GET /produccion/1/ HTTP/1.1" 200 14893
"GET /produccion/1/editar/ HTTP/1.1" 200 19811
Not Found: /favicon.ico
- Broken pipe from ('127.0.0.1', 64188)
"GET / HTTP/1.1" 302 0
"GET /login/ HTTP/1.1" 302 0
"GET /dashboard/ HTTP/1.1" 200 7314
"GET /produccion/ HTTP/1.1" 200 12879
"GET /produccion/1/pdf/ HTTP/1.1" 200 2659
"GET /produccion/ HTTP/1.1" 200 12879
"GET /produccion/1/ HTTP/1.1" 200 13982
"GET /produccion/1/ HTTP/1.1" 200 14893
C:\Users\ASUS\Desktop\VARIOS PC TABSUCOL\ENTREGA\Syncropro\produccion\views.py changed, reloading.
Watching for file changes with StatReloader
C:\Users\ASUS\Desktop\VARIOS PC TABSUCOL\ENTREGA\Syncropro\produccion\views.py changed, reloading.
Watching for file changes with StatReloader
"GET / HTTP/1.1" 302 0
"GET /login/ HTTP/1.1" 302 0
"GET /dashboard/ HTTP/1.1" 200 7314
"GET /produccion/crear/ HTTP/1.1" 200 22046
"GET /produccion/ajax/cargar-cotizacion/3/ HTTP/1.1" 200 270
"GET / HTTP/1.1" 302 0
"GET /login/ HTTP/1.1" 302 0
"GET /dashboard/ HTTP/1.1" 200 7314
"GET /produccion/crear/ HTTP/1.1" 200 23497
"GET /produccion/crear/ HTTP/1.1" 200 22046
"GET /produccion/1/editar/ HTTP/1.1" 200 19811
"GET /produccion/1/ HTTP/1.1" 200 14893
"GET /cotizaciones/3/ HTTP/1.1" 200 14345
"GET /cotizaciones/ HTTP/1.1" 200 16494
"GET /produccion/ HTTP/1.1" 200 12879
Watching for file changes with StatReloader
Watching for file changes with StatReloader
"GET / HTTP/1.1" 302 0
"GET /login/ HTTP/1.1" 302 0
"GET /dashboard/ HTTP/1.1" 200 7314
Not Found: /favicon.ico
- Broken pipe from ('127.0.0.1', 56247)
"GET /cotizaciones/crear/ HTTP/1.1" 200 22329
Not Found: /favicon.ico
- Broken pipe from ('127.0.0.1', 56268)
"GET /cotizaciones/ HTTP/1.1" 200 16494
"GET /cotizaciones/3/editar/ HTTP/1.1" 200 27970
Not Found: /favicon.ico
- Broken pipe from ('127.0.0.1', 56380)
"GET /cotizaciones/ HTTP/1.1" 200 16494
Not Found: /favicon.ico
- Broken pipe from ('127.0.0.1', 56847)
"GET /cotizaciones/3/ HTTP/1.1" 200 14345
Not Found: /favicon.ico
- Broken pipe from ('127.0.0.1', 56893)
"GET /cotizaciones/pdf/3/ HTTP/1.1" 200 3253
"GET /cotizaciones/crear/ HTTP/1.1" 200 22329
Not Found: /favicon.ico
- Broken pipe from ('127.0.0.1', 56919)
Internal Server Error: /cotizaciones/crear/
Traceback (most recent call last):
  File "C:\Users\ASUS\Desktop\VARIOS PC TABSUCOL\ENTREGA\Syncropro\venv\Lib\site-packages\django\core\handlers\exception.py", line 55, in inner
    response = get_response(request)
  File "C:\Users\ASUS\Desktop\VARIOS PC TABSUCOL\ENTREGA\Syncropro\venv\Lib\site-packages\django\core\handlers\base.py", line 197, in _get_response
    response = wrapped_callback(request, *callback_args, **callback_kwargs)
  File "C:\Users\ASUS\Desktop\VARIOS PC TABSUCOL\ENTREGA\Syncropro\venv\Lib\site-packages\django\contrib\auth\decorators.py", line 59, in _view_wrapper
    return view_func(request, *args, **kwargs)
  File "C:\Users\ASUS\Desktop\VARIOS PC TABSUCOL\ENTREGA\Syncropro\cotizaciones\views.py", line 132, in nueva_cotizacion
    'numero_generado': numero_generado
                       ^^^^^^^^^^^^^^^
UnboundLocalError: cannot access local variable 'numero_generado' where it is not associated with a value
"POST /cotizaciones/crear/ HTTP/1.1" 500 78761
C:\Users\ASUS\Desktop\VARIOS PC TABSUCOL\ENTREGA\Syncropro\cotizaciones\views.py changed, reloading.
Watching for file changes with StatReloader
"POST /cotizaciones/crear/ HTTP/1.1" 200 23239
"POST /cotizaciones/crear/ HTTP/1.1" 302 0
"GET /cotizaciones/4/ HTTP/1.1" 200 14981
"GET /cotizaciones/4/editar/ HTTP/1.1" 200 32648
"GET /cotizaciones/4/ HTTP/1.1" 200 14981
Not Found: /favicon.ico
- Broken pipe from ('127.0.0.1', 65261)
"GET /cotizaciones/4/editar/ HTTP/1.1" 200 32648
Not Found: /favicon.ico
- Broken pipe from ('127.0.0.1', 49780)
"POST /cotizaciones/4/editar/ HTTP/1.1" 302 0
"GET /cotizaciones/4/ HTTP/1.1" 200 14984
Cotización COT-0004 enviada exitosamente a j-j-bedoya@hotmail.com
"GET /cotizaciones/4/enviar-correo/ HTTP/1.1" 302 0
"GET /cotizaciones/4/ HTTP/1.1" 200 14984
Not Found: /favicon.ico
- Broken pipe from ('127.0.0.1', 49864)
"GET /cotizaciones/pdf/4/ HTTP/1.1" 200 3277
"GET /cotizaciones/pdf/4/ HTTP/1.1" 200 3277
"GET /cotizaciones/4/editar/ HTTP/1.1" 200 32649
